Connected
Received: {"result":[{"declarationType":"synonym","definedAt":{"end":[189,4],"name":"/home/namin/sources/purescript/src/Bill/Types.purs","start":[149,1]},"documentation":"","expandedType":"{ created_at ∷ String , customer_id ∷ Int , date ∷ String , final_baht_bar96 ∷ Maybe String , final_baht_bar99 ∷ Maybe String , final_baht_jewel ∷ Maybe String , final_balance_money ∷ Maybe String , final_gram_bar96 ∷ Maybe String , final_gram_bar99 ∷ Maybe String , final_gram_jewel ∷ Maybe String , finalized_at ∷ Maybe String , id ∷ Int , is_finalized ∷ Boolean , is_vat_deferred ∷ Boolean , market_buying_price_jewel ∷ Maybe String , prev_baht_bar96 ∷ String , prev_baht_bar99 ∷ String , prev_baht_jewel ∷ String , prev_balance_money ∷ String , prev_gram_bar96 ∷ String , prev_gram_bar99 ∷ String , prev_gram_jewel ∷ String , updated_at ∷ String , vat_amount ∷ Maybe String , vat_rate ∷ String , vat_taxable_amount ∷ Maybe String , version ∷ Int }","exportedFrom":["Bill.Types"],"identifier":"Bill","module":"Bill.Types","type":"{ created_at ∷ String , customer_id ∷ Int , date ∷ String , final_baht_bar96 ∷ Maybe String , final_baht_bar99 ∷ Maybe String , final_baht_jewel ∷ Maybe String , final_balance_money ∷ Maybe String , final_gram_bar96 ∷ Maybe String , final_gram_bar99 ∷ Maybe String , final_gram_jewel ∷ Maybe String , finalized_at ∷ Maybe String , id ∷ Int , is_finalized ∷ Boolean , is_vat_deferred ∷ Boolean , market_buying_price_jewel ∷ Maybe String , prev_baht_bar96 ∷ String , prev_baht_bar99 ∷ String , prev_baht_jewel ∷ String , prev_balance_money ∷ String , prev_gram_bar96 ∷ String , prev_gram_bar99 ∷ String , prev_gram_jewel ∷ String , updated_at ∷ String , vat_amount ∷ Maybe String , vat_rate ∷ String , vat_taxable_amount ∷ Maybe String , version ∷ Int }"},{"declarationType":"synonym","definedAt":{"end":[26,4],"name":"/home/namin/sources/purescript/src/Component/POS.purs","start":[20,1]},"documentation":"","expandedType":"{ billNumber ∷ String , createdAt ∷ String , customerId ∷ Int , customerName ∷ String , id ∷ Int }","exportedFrom":["Component.POS"],"identifier":"Bill","module":"Component.POS","type":"{ billNumber ∷ String , createdAt ∷ String , customerId ∷ Int , customerName ∷ String , id ∷ Int }"}],"resultType":"success"}

Connection closed
